Enter a number and apply the Collatz Conjecture: 
You entered: 2000
Applying the Collatz Conjecture returns: 1