Error: No main function defined in file tests/test_files/noMain.scm